K n
Invalid
q n
-
